// Jest Snapshot v1, https://goo.gl/fbAQLP

exports[`OpeningTitle should match Snapshot 1`] = `ShallowWrapper {}`;
